// Jest Snapshot v1, https://goo.gl/fbAQLP

exports[`matches the snapshot 1`] = `
<DocumentFragment>
  <div
    class="App"
  >
    <div
      class="CardsApp"
    >
      <div
        class="CardsApp-pile"
      />
    </div>
  </div>
</DocumentFragment>
`;
