// Jest Snapshot v1, https://goo.gl/fbAQLP

exports[`matches the snapshot 1`] = `
<DocumentFragment>
  <img
    class="Card"
    style="transform: translate(0px, 0px) rotate(0deg);"
  />
</DocumentFragment>
`;
